*** Installation Started 4/10/6 0:31 ***
Title: Function One's Southpark Fruit Machine Setup
Source: C:\DOCUME~1\MATT\DESKTOP\COPYOF~1\S-PARK~1.EXE
Date/Time: Following file not copied.
 File Copy: C:\WINDOWS\SYSTEM\VBRUN300.DLL
Date/Time: Following file not copied.
 File Copy: C:\WINDOWS\SYSTEM\CMDIALOG.VBX
Date/Time: Following file not copied.
 File Copy: C:\WINDOWS\SYSTEM\THREED.VBX
Made Dir: C:\Function.One\SP_FRUIT
File Copy: C:\Function.One\SP_FRUIT\SP_FRUIT.EXE
Made Dir: C:\Function.One\SP_FRUIT\SOUNDS
File Copy: C:\Function.One\SP_FRUIT\SOUNDS\Gmb_Win.wav
File Copy: C:\Function.One\SP_FRUIT\SOUNDS\Gmb_Loop.wav
File Copy: C:\Function.One\SP_FRUIT\SOUNDS\Hold_clk.wav
File Copy: C:\Function.One\SP_FRUIT\SOUNDS\JACKPOT.WAV
File Copy: C:\Function.One\SP_FRUIT\SOUNDS\NDG_LOOP.WAV
File Copy: C:\Function.One\SP_FRUIT\SOUNDS\RL_HOLDS.WAV
File Copy: C:\Function.One\SP_FRUIT\SOUNDS\Rl_Start.wav
File Copy: C:\Function.One\SP_FRUIT\SOUNDS\Rl_Stop.wav
File Copy: C:\Function.One\SP_FRUIT\SOUNDS\Str_add.wav
File Copy: C:\Function.One\SP_FRUIT\SOUNDS\Str_held.wav
File Copy: C:\Function.One\SP_FRUIT\SOUNDS\Str_loop.wav
File Copy: C:\Function.One\SP_FRUIT\SOUNDS\tb_loop.wav
File Copy: C:\Function.One\SP_FRUIT\SOUNDS\tb_lose.wav
Made Dir: C:\Function.One\SP_FRUIT\SOUNDS\Gmb_Lose
File Copy: C:\Function.One\SP_FRUIT\SOUNDS\Gmb_Lose\No.wav
File Copy: C:\Function.One\SP_FRUIT\SOUNDS\Gmb_Lose\Sorry.wav
File Copy: C:\Function.One\SP_FRUIT\SOUNDS\Gmb_Lose\Blaghhhh.wav
File Copy: C:\Function.One\SP_FRUIT\SOUNDS\Gmb_Lose\Holy Crap.wav
File Copy: C:\Function.One\SP_FRUIT\SOUNDS\Gmb_Lose\What A Retard, Ha Ha Ha Ha.wav
File Copy: C:\Function.One\SP_FRUIT\SOUNDS\Gmb_Lose\Cheesypoof.wav
File Copy: C:\Function.One\SP_FRUIT\SOUNDS\Gmb_Lose\You Bastard.wav
File Copy: C:\Function.One\SP_FRUIT\SOUNDS\Gmb_Lose\And That Must Make You Mad.wav
File Copy: C:\Function.One\SP_FRUIT\SOUNDS\Gmb_Lose\No Dude.wav
File Copy: C:\Function.One\SP_FRUIT\SOUNDS\Gmb_Lose\What.wav
File Copy: C:\Function.One\SP_FRUIT\SOUNDS\Gmb_Lose\Hey.wav
File Copy: C:\Function.One\SP_FRUIT\SOUNDS\Gmb_Lose\Don't Be Gay.wav
File Copy: C:\Function.One\SP_FRUIT\SOUNDS\Gmb_Lose\You Son Of A Bitch I'll Kick You In The Nuts.wav
File Copy: C:\Function.One\SP_FRUIT\SOUNDS\Gmb_Lose\Bzzzz, Wrong, Try Again, Dumb-Ass.wav
File Copy: C:\Function.One\SP_FRUIT\SOUNDS\Gmb_Lose\Heh, You Got In Trouble, You Got In Trouble.wav
File Copy: C:\Function.One\SP_FRUIT\SOUNDS\Gmb_Lose\God Damn It.wav
File Copy: C:\Function.One\SP_FRUIT\SOUNDS\Gmb_Lose\Yeah Right.wav
Made Dir: C:\Function.One\SP_FRUIT\SOUNDS\Prg_Exit
File Copy: C:\Function.One\SP_FRUIT\SOUNDS\Prg_Exit\How'd You Like To Suck My Ass.wav
File Copy: C:\Function.One\SP_FRUIT\SOUNDS\Prg_Exit\Screw You Guys, I'm Going Home.wav
File Copy: C:\Function.One\SP_FRUIT\SOUNDS\Prg_Exit\End Theme Part 1.wav
File Copy: C:\Function.One\SP_FRUIT\SOUNDS\Prg_Exit\Yeah, Cartoons Kick Ass.wav
File Copy: C:\Function.One\SP_FRUIT\SOUNDS\Prg_Exit\Kyle's Mum Is A Biiiitch-ah.wav
File Copy: C:\Function.One\SP_FRUIT\SOUNDS\Prg_Exit\I Don't Really Give A Flying F--BEEP.wav
File Copy: C:\Function.One\SP_FRUIT\SOUNDS\Prg_Exit\Hey, I'll Blow Your Friggin Head Off.wav
File Copy: C:\Function.One\SP_FRUIT\SOUNDS\Prg_Exit\And Sometimes The Man Puts His Hoo-Hoo-Dilly In The Woman's Cha-Cha.wav
File Copy: C:\Function.One\SP_FRUIT\SOUNDS\Prg_Exit\You Know Something Pal, You Smell An Awful Lot Like Flowers.wav
File Copy: C:\Function.One\SP_FRUIT\SOUNDS\Prg_Exit\You Get Your Bitch Ass Back In The Kitchen, And Make Me Some Pie.wav
File Copy: C:\Function.One\SP_FRUIT\SOUNDS\Prg_Exit\Sorry I Had Sex With The Chicken, I Won't Do It Again, Bye Bye.wav
File Copy: C:\Function.One\SP_FRUIT\SOUNDS\Prg_Exit\Well, There You Have It, Case Closed.wav
File Copy: C:\Function.One\SP_FRUIT\SOUNDS\Prg_Exit\This Is A Bunch Of Crap, I've Been Licking This Carpet For Three Hours And I Still Don't Feel Like A Lesbian.wav
File Copy: C:\Function.One\SP_FRUIT\SOUNDS\Prg_Exit\Dude, This Is Pretty F--ked Up Right Here.wav
File Copy: C:\Function.One\SP_FRUIT\SOUNDS\Prg_Exit\I'm Not Fat, I'm Festively Plump.wav
File Copy: C:\Function.One\SP_FRUIT\SOUNDS\Prg_Exit\How Bout We Sing Kyle's Mum Is A Stupid Bitch In D-Minor.wav
Made Dir: C:\Function.One\SP_FRUIT\SOUNDS\Prg_Load
File Copy: C:\Function.One\SP_FRUIT\SOUNDS\Prg_Load\Start Theme Part 2.wav
File Copy: C:\Function.One\SP_FRUIT\SOUNDS\Prg_Load\Start Theme Part 3.wav
File Copy: C:\Function.One\SP_FRUIT\SOUNDS\Prg_Load\Start Theme Part 4.wav
File Copy: C:\Function.One\SP_FRUIT\SOUNDS\Prg_Load\Howdy Ho.wav
File Copy: C:\Function.One\SP_FRUIT\SOUNDS\Prg_Load\Start Theme Part 1.wav
File Copy: C:\Function.One\SP_FRUIT\SOUNDS\Prg_Load\Start Theme Part 5.wav
File Copy: C:\Function.One\SP_FRUIT\SOUNDS\Prg_Load\Start Theme Part 6.wav
File Copy: C:\Function.One\SP_FRUIT\SOUNDS\Prg_Load\Start Theme Part 7.wav
File Copy: C:\Function.One\SP_FRUIT\SOUNDS\Prg_Load\Start Theme Part 8.wav
File Copy: C:\Function.One\SP_FRUIT\SOUNDS\Prg_Load\Hello Children.wav
Made Dir: C:\Function.One\SP_FRUIT\SOUNDS\TB_LOSE
File Copy: C:\Function.One\SP_FRUIT\SOUNDS\TB_LOSE\Oh My God, They Killed Kenny.wav
File Copy: C:\Function.One\SP_FRUIT\SOUNDS\TB_LOSE\Oh My God, We've Killed Kenny, We're Bastards.wav
File Copy: C:\Function.One\SP_FRUIT\SOUNDS\TB_LOSE\You Bastards.wav
File Copy: C:\Function.One\SP_FRUIT\SOUNDS\TB_LOSE\You Sick Bastard - He He He He.wav
Made Dir: C:\Function.One\SP_FRUIT\SOUNDS\Win_Cash
File Copy: C:\Function.One\SP_FRUIT\SOUNDS\Win_Cash\Wow 1.wav
File Copy: C:\Function.One\SP_FRUIT\SOUNDS\Win_Cash\Oh That's Good.wav
File Copy: C:\Function.One\SP_FRUIT\SOUNDS\Win_Cash\God Damn.wav
File Copy: C:\Function.One\SP_FRUIT\SOUNDS\Win_Cash\Wow 2.wav
File Copy: C:\Function.One\SP_FRUIT\SOUNDS\Win_Cash\Hey Yeah.wav
File Copy: C:\Function.One\SP_FRUIT\SOUNDS\Win_Cash\Perfect.wav
File Copy: C:\Function.One\SP_FRUIT\SOUNDS\Win_Cash\Woah Dude.wav
File Copy: C:\Function.One\SP_FRUIT\SOUNDS\Win_Cash\kickass.wav
File Copy: C:\Function.One\SP_FRUIT\SOUNDS\Win_Cash\Oh Yeah.wav
File Copy: C:\Function.One\SP_FRUIT\SOUNDS\Win_Cash\Cool 2.wav
File Copy: C:\Function.One\SP_FRUIT\SOUNDS\Win_Cash\Cool 1.wav
File Copy: C:\Function.One\SP_FRUIT\SOUNDS\Win_Cash\That's Great Kid.wav
File Copy: C:\Function.One\SP_FRUIT\SOUNDS\Win_Cash\Suck On My BEEP.wav
Made Dir: C:\Function.One\SP_FRUIT\SOUNDS\Win_Jpot
File Copy: C:\Function.One\SP_FRUIT\SOUNDS\Win_Jpot\Wellll, Kyle's Mum's A Bitch, She's A Big Fat Bitch She's The Biggest Bitch In The Whole Wide World.wav
File Copy: C:\Function.One\SP_FRUIT\SOUNDS\Win_Jpot\Howwwwdy Ho.wav
File Copy: C:\Function.One\SP_FRUIT\SOUNDS\Win_Jpot\Santa Claus Is On His Way, He's Loaded Goodies On His Sleigh, Drop Them Off On Christmas Day And I'll Sing Howdy Ho.wav
File Copy: C:\Function.One\SP_FRUIT\SOUNDS\Win_Jpot\Are We Making Love Now - Excuse Me.wav
Made Dir: C:\Function.One\SP_FRUIT\SOUNDS\Win_Ndg
File Copy: C:\Function.One\SP_FRUIT\SOUNDS\Win_Ndg\Eah-huo.wav
File Copy: C:\Function.One\SP_FRUIT\SOUNDS\Win_Ndg\Kenny Mumble 2.wav
File Copy: C:\Function.One\SP_FRUIT\SOUNDS\Win_Ndg\Kenny Mumble 1.wav
Icon Group: Function One Software
Icon Name: Southpark Fruit Machine
Icon Cmd: C:\Function.One\SP_FRUIT\SP_FRUIT.EXE
